# serializer version: 1
# name: test_bloom_560m_sharded
  dict({
    'details': dict({
      'best_of_sequences': None,
      'finish_reason': <FinishReason.Length: 'length'>,
      'generated_tokens': 10,
      'prefill': list([
        dict({
          'id': 10264,
          'logprob': None,
          'text': 'Test',
        }),
        dict({
          'id': 8821,
          'logprob': -11.375,
          'text': ' request',
        }),
      ]),
      'seed': None,
      'tokens': list([
        dict({
          'id': 11,
          'logprob': -2.734375,
          'special': False,
          'text': '(',
        }),
        dict({
          'id': 5,
          'logprob': -1.9765625,
          'special': False,
          'text': '"',
        }),
        dict({
          'id': 1587,
          'logprob': -3.140625,
          'special': False,
          'text': 'get',
        }),
        dict({
          'id': 5,
          'logprob': -3.515625,
          'special': False,
          'text': '"',
        }),
        dict({
          'id': 15,
          'logprob': -0.37304688,
          'special': False,
          'text': ',',
        }),
        dict({
          'id': 567,
          'logprob': -2.6875,
          'special': False,
          'text': ' "',
        }),
        dict({
          'id': 17,
          'logprob': -4.65625,
          'special': False,
          'text': '.',
        }),
        dict({
          'id': 5,
          'logprob': -2.28125,
          'special': False,
          'text': '"',
        }),
        dict({
          'id': 12,
          'logprob': -1.6640625,
          'special': False,
          'text': ')',
        }),
        dict({
          'id': 30,
          'logprob': -0.14355469,
          'special': False,
          'text': ';',
        }),
      ]),
    }),
    'generated_text': '("get", ".");',
  })
# ---
# name: test_bloom_560m_sharded_load
  list([
    Response(generated_text='("get", ".");', details=Details(finish_reason=<FinishReason.Length: 'length'>, generated_tokens=10, seed=None, prefill=[PrefillToken(id=10264, text='Test', logprob=None), PrefillToken(id=8821, text=' request', logprob=-11.375)], tokens=[Token(id=11, text='(', logprob=-2.734375, special=False), Token(id=5, text='"', logprob=-2.328125, special=False), Token(id=1587, text='get', logprob=-2.953125, special=False), Token(id=5, text='"', logprob=-3.546875, special=False), Token(id=15, text=',', logprob=-0.359375, special=False), Token(id=567, text=' "', logprob=-2.484375, special=False), Token(id=17, text='.', logprob=-4.0625, special=False), Token(id=5, text='"', logprob=-2.46875, special=False), Token(id=12, text=')', logprob=-1.671875, special=False), Token(id=30, text=';', logprob=-0.18164062, special=False)], best_of_sequences=None)),
    Response(generated_text='("get", ".");', details=Details(finish_reason=<FinishReason.Length: 'length'>, generated_tokens=10, seed=None, prefill=[PrefillToken(id=10264, text='Test', logprob=None), PrefillToken(id=8821, text=' request', logprob=-11.375)], tokens=[Token(id=11, text='(', logprob=-2.734375, special=False), Token(id=5, text='"', logprob=-2.328125, special=False), Token(id=1587, text='get', logprob=-2.953125, special=False), Token(id=5, text='"', logprob=-3.546875, special=False), Token(id=15, text=',', logprob=-0.359375, special=False), Token(id=567, text=' "', logprob=-2.484375, special=False), Token(id=17, text='.', logprob=-4.0625, special=False), Token(id=5, text='"', logprob=-2.46875, special=False), Token(id=12, text=')', logprob=-1.671875, special=False), Token(id=30, text=';', logprob=-0.18164062, special=False)], best_of_sequences=None)),
    Response(generated_text='("get", ".");', details=Details(finish_reason=<FinishReason.Length: 'length'>, generated_tokens=10, seed=None, prefill=[PrefillToken(id=10264, text='Test', logprob=None), PrefillToken(id=8821, text=' request', logprob=-11.375)], tokens=[Token(id=11, text='(', logprob=-2.734375, special=False), Token(id=5, text='"', logprob=-2.328125, special=False), Token(id=1587, text='get', logprob=-2.953125, special=False), Token(id=5, text='"', logprob=-3.546875, special=False), Token(id=15, text=',', logprob=-0.359375, special=False), Token(id=567, text=' "', logprob=-2.484375, special=False), Token(id=17, text='.', logprob=-4.0625, special=False), Token(id=5, text='"', logprob=-2.46875, special=False), Token(id=12, text=')', logprob=-1.671875, special=False), Token(id=30, text=';', logprob=-0.18164062, special=False)], best_of_sequences=None)),
    Response(generated_text='("get", ".");', details=Details(finish_reason=<FinishReason.Length: 'length'>, generated_tokens=10, seed=None, prefill=[PrefillToken(id=10264, text='Test', logprob=None), PrefillToken(id=8821, text=' request', logprob=-11.375)], tokens=[Token(id=11, text='(', logprob=-2.734375, special=False), Token(id=5, text='"', logprob=-2.328125, special=False), Token(id=1587, text='get', logprob=-2.953125, special=False), Token(id=5, text='"', logprob=-3.546875, special=False), Token(id=15, text=',', logprob=-0.359375, special=False), Token(id=567, text=' "', logprob=-2.484375, special=False), Token(id=17, text='.', logprob=-4.0625, special=False), Token(id=5, text='"', logprob=-2.46875, special=False), Token(id=12, text=')', logprob=-1.671875, special=False), Token(id=30, text=';', logprob=-0.18164062, special=False)], best_of_sequences=None)),
  ])
# ---
